// Jest Snapshot v1, https://goo.gl/fbAQLP

exports[`orders query 1`] = `
Object {
  "data": Object {
    "orders": Array [
      Object {
        "billingAddress": Object {
          "line1": "Hello",
        },
        "customer": Object {
          "name": "Hello",
        },
        "payment": Object {
          "number": "Hello",
        },
        "products": Array [
          Object {
            "title": "Hello",
          },
          Object {
            "title": "Hello",
          },
        ],
        "shippingAddress": Object {
          "line1": "Hello",
        },
        "status": "Hello",
        "subtotal": 22.1,
        "tax": 22.1,
        "total": 22.1,
      },
      Object {
        "billingAddress": Object {
          "line1": "Hello",
        },
        "customer": Object {
          "name": "Hello",
        },
        "payment": Object {
          "number": "Hello",
        },
        "products": Array [
          Object {
            "title": "Hello",
          },
          Object {
            "title": "Hello",
          },
        ],
        "shippingAddress": Object {
          "line1": "Hello",
        },
        "status": "Hello",
        "subtotal": 22.1,
        "tax": 22.1,
        "total": 22.1,
      },
    ],
  },
}
`;

exports[`products query 1`] = `
Object {
  "data": Object {
    "products": Array [
      Object {
        "description": "Hello",
        "price": 22.1,
        "title": "Hello",
      },
      Object {
        "description": "Hello",
        "price": 22.1,
        "title": "Hello",
      },
    ],
  },
}
`;

exports[`users query 1`] = `
Object {
  "data": Object {
    "users": Array [
      Object {
        "email": "Hello",
        "id": "test-id",
        "name": "Hello",
      },
      Object {
        "email": "Hello",
        "id": "test-id",
        "name": "Hello",
      },
    ],
  },
}
`;
